// Jest Snapshot v1, https://goo.gl/fbAQLP

exports[`renders correctly 1`] = `
<View
  style={
    Object {
      "alignItems": "center",
      "flex": 1,
      "justifyContent": "space-around",
    }
  }
>
  <View
    style={
      Object {
        "alignItems": "center",
        "flex": 6,
        "justifyContent": "space-around",
      }
    }
  >
    <View
      style={
        Object {
          "alignItems": "flex-start",
          "flex": 1,
          "flexDirection": "row",
          "justifyContent": "space-around",
          "marginTop": 15,
        }
      }
    >
      <View
        style={
          Object {
            "flex": 1,
          }
        }
      >
        <View
          accessibilityComponentType={undefined}
          accessibilityLabel={undefined}
          accessibilityTraits={undefined}
          accessible={true}
          hasTVPreferredFocus={undefined}
          hitSlop={undefined}
          isTVSelectable={true}
          onLayout={undefined}
          onResponderGrant={[Function]}
          onResponderMove={[Function]}
          onResponderRelease={[Function]}
          onResponderTerminate={[Function]}
          onResponderTerminationRequest={[Function]}
          onStartShouldSetResponder={[Function]}
          style={
            Array [
              Object {
                "backgroundColor": "transparent",
              },
              Object {
                "alignItems": "center",
                "backgroundColor": "#6799FF",
                "borderRadius": 10,
                "margin": 5,
                "paddingBottom": 10,
                "paddingTop": 10,
                "width": 80,
              },
            ]
          }
          testID={undefined}
          tvParallaxProperties={undefined}
        >
          <Text
            accessible={true}
            allowFontScaling={true}
            ellipsizeMode="tail"
            style={
              Object {
                "color": "#FFFFFF",
                "fontSize": 18,
              }
            }
          >
            Home
          </Text>
        </View>
      </View>
      <Text
        accessible={true}
        allowFontScaling={true}
        ellipsizeMode="tail"
        style={
          Object {
            "color": "#ffcd67",
            "flex": 3,
            "fontSize": 40,
            "textAlign": "center",
            "textShadowColor": "black",
            "textShadowOffset": Object {
              "height": 1,
              "width": 1,
            },
            "textShadowRadius": 4,
          }
        }
      >
        Review Order
      </Text>
      <View
        style={
          Object {
            "flex": 1,
          }
        }
      />
    </View>
    <View
      style={
        Object {
          "flex": 5,
          "width": 320,
        }
      }
    >
      <ScrollView>
        <View
          style={
            Object {
              "alignItems": "center",
              "backgroundColor": "#ffcd67",
              "borderRadius": 5,
              "flex": 4,
              "marginBottom": 10,
              "padding": 10,
            }
          }
        >
          <Text
            accessible={true}
            allowFontScaling={true}
            ellipsizeMode="tail"
            style={
              Object {
                "fontSize": 28,
                "padding": 5,
                "textAlign": "center",
              }
            }
          />
          <Text
            accessible={true}
            allowFontScaling={true}
            ellipsizeMode="tail"
            style={
              Object {
                "fontSize": 24,
                "padding": 5,
                "textAlign": "center",
              }
            }
          />
        </View>
        <View
          style={
            Object {
              "backgroundColor": "rgba(255,205,103,0.8)",
              "borderRadius": 5,
              "flex": 3,
              "marginBottom": 6,
              "marginTop": 6,
              "padding": 6,
            }
          }
        >
          <Text
            accessible={true}
            allowFontScaling={true}
            ellipsizeMode="tail"
            style={
              Object {
                "color": "#fff",
                "fontSize": 26,
                "textAlign": "center",
                "textShadowColor": "black",
                "textShadowOffset": Object {
                  "height": 1,
                  "width": 1,
                },
                "textShadowRadius": 4,
              }
            }
          >
            Payment Information
          </Text>
          <Text
            accessible={true}
            allowFontScaling={true}
            ellipsizeMode="tail"
            style={
              Object {
                "color": "black",
                "fontSize": 24,
              }
            }
          >
            name on card:
          </Text>
          <Text
            accessible={true}
            allowFontScaling={true}
            ellipsizeMode="tail"
            style={
              Object {
                "color": "#fff",
                "fontSize": 24,
                "marginLeft": 60,
                "padding": 5,
                "textShadowColor": "black",
                "textShadowOffset": Object {
                  "height": 1,
                  "width": 1,
                },
                "textShadowRadius": 4,
              }
            }
          >
             
            
          </Text>
          <Text
            accessible={true}
            allowFontScaling={true}
            ellipsizeMode="tail"
            style={
              Object {
                "color": "black",
                "fontSize": 24,
              }
            }
          >
            card #:
          </Text>
          <Text
            accessible={true}
            allowFontScaling={true}
            ellipsizeMode="tail"
            style={
              Object {
                "color": "#fff",
                "fontSize": 24,
                "marginLeft": 60,
                "padding": 5,
                "textShadowColor": "black",
                "textShadowOffset": Object {
                  "height": 1,
                  "width": 1,
                },
                "textShadowRadius": 4,
              }
            }
          >
            
          </Text>
          <Text
            accessible={true}
            allowFontScaling={true}
            ellipsizeMode="tail"
            style={
              Object {
                "color": "black",
                "fontSize": 24,
              }
            }
          >
            security code:
          </Text>
          <Text
            accessible={true}
            allowFontScaling={true}
            ellipsizeMode="tail"
            style={
              Object {
                "color": "#fff",
                "fontSize": 24,
                "marginLeft": 60,
                "padding": 5,
                "textShadowColor": "black",
                "textShadowOffset": Object {
                  "height": 1,
                  "width": 1,
                },
                "textShadowRadius": 4,
              }
            }
          >
            
          </Text>
        </View>
        <View
          style={
            Object {
              "backgroundColor": "rgba(255,205,103,0.8)",
              "borderRadius": 5,
              "flex": 3,
              "marginBottom": 6,
              "marginTop": 6,
              "padding": 6,
            }
          }
        >
          <Text
            accessible={true}
            allowFontScaling={true}
            ellipsizeMode="tail"
            style={
              Object {
                "color": "#fff",
                "fontSize": 26,
                "textAlign": "center",
                "textShadowColor": "black",
                "textShadowOffset": Object {
                  "height": 1,
                  "width": 1,
                },
                "textShadowRadius": 4,
              }
            }
          >
             
            Billing Address
          </Text>
          <Text
            accessible={true}
            allowFontScaling={true}
            ellipsizeMode="tail"
            style={
              Object {
                "color": "black",
                "fontSize": 24,
              }
            }
          >
            line one:
          </Text>
          <Text
            accessible={true}
            allowFontScaling={true}
            ellipsizeMode="tail"
            style={
              Object {
                "color": "#fff",
                "fontSize": 24,
                "marginLeft": 60,
                "padding": 5,
                "textShadowColor": "black",
                "textShadowOffset": Object {
                  "height": 1,
                  "width": 1,
                },
                "textShadowRadius": 4,
              }
            }
          >
            
          </Text>
          <Text
            accessible={true}
            allowFontScaling={true}
            ellipsizeMode="tail"
          >
            
          </Text>
          <Text
            accessible={true}
            allowFontScaling={true}
            ellipsizeMode="tail"
            style={
              Object {
                "marginLeft": 60,
              }
            }
          >
            
          </Text>
          <Text
            accessible={true}
            allowFontScaling={true}
            ellipsizeMode="tail"
            style={
              Object {
                "color": "black",
                "fontSize": 24,
              }
            }
          >
            city:
          </Text>
          <Text
            accessible={true}
            allowFontScaling={true}
            ellipsizeMode="tail"
            style={
              Object {
                "color": "#fff",
                "fontSize": 24,
                "marginLeft": 60,
                "padding": 5,
                "textShadowColor": "black",
                "textShadowOffset": Object {
                  "height": 1,
                  "width": 1,
                },
                "textShadowRadius": 4,
              }
            }
          >
            
          </Text>
          <Text
            accessible={true}
            allowFontScaling={true}
            ellipsizeMode="tail"
            style={
              Object {
                "color": "black",
                "fontSize": 24,
              }
            }
          >
            state:
          </Text>
          <Text
            accessible={true}
            allowFontScaling={true}
            ellipsizeMode="tail"
            style={
              Object {
                "color": "#fff",
                "fontSize": 24,
                "marginLeft": 60,
                "padding": 5,
                "textShadowColor": "black",
                "textShadowOffset": Object {
                  "height": 1,
                  "width": 1,
                },
                "textShadowRadius": 4,
              }
            }
          >
            
          </Text>
          <Text
            accessible={true}
            allowFontScaling={true}
            ellipsizeMode="tail"
            style={
              Object {
                "color": "black",
                "fontSize": 24,
              }
            }
          >
            zip:
          </Text>
          <Text
            accessible={true}
            allowFontScaling={true}
            ellipsizeMode="tail"
            style={
              Object {
                "color": "#fff",
                "fontSize": 24,
                "marginLeft": 60,
                "padding": 5,
                "textShadowColor": "black",
                "textShadowOffset": Object {
                  "height": 1,
                  "width": 1,
                },
                "textShadowRadius": 4,
              }
            }
          >
            
          </Text>
        </View>
        <View
          style={
            Object {
              "backgroundColor": "rgba(255,205,103,0.8)",
              "borderRadius": 5,
              "flex": 3,
              "marginBottom": 6,
              "marginTop": 6,
              "padding": 6,
            }
          }
        >
          <Text
            accessible={true}
            allowFontScaling={true}
            ellipsizeMode="tail"
            style={
              Object {
                "color": "#fff",
                "fontSize": 26,
                "textAlign": "center",
                "textShadowColor": "black",
                "textShadowOffset": Object {
                  "height": 1,
                  "width": 1,
                },
                "textShadowRadius": 4,
              }
            }
          >
            Delivery Address
          </Text>
          <Text
            accessible={true}
            allowFontScaling={true}
            ellipsizeMode="tail"
            style={
              Object {
                "color": "black",
                "fontSize": 24,
              }
            }
          >
            line one:
          </Text>
          <Text
            accessible={true}
            allowFontScaling={true}
            ellipsizeMode="tail"
            style={
              Object {
                "color": "#fff",
                "fontSize": 24,
                "marginLeft": 60,
                "padding": 5,
                "textShadowColor": "black",
                "textShadowOffset": Object {
                  "height": 1,
                  "width": 1,
                },
                "textShadowRadius": 4,
              }
            }
          >
            
          </Text>
          <Text
            accessible={true}
            allowFontScaling={true}
            ellipsizeMode="tail"
          >
            
          </Text>
          <Text
            accessible={true}
            allowFontScaling={true}
            ellipsizeMode="tail"
            style={
              Object {
                "marginLeft": 60,
              }
            }
          >
            
          </Text>
          <Text
            accessible={true}
            allowFontScaling={true}
            ellipsizeMode="tail"
            style={
              Object {
                "color": "black",
                "fontSize": 24,
              }
            }
          >
            city:
          </Text>
          <Text
            accessible={true}
            allowFontScaling={true}
            ellipsizeMode="tail"
            style={
              Object {
                "color": "#fff",
                "fontSize": 24,
                "marginLeft": 60,
                "padding": 5,
                "textShadowColor": "black",
                "textShadowOffset": Object {
                  "height": 1,
                  "width": 1,
                },
                "textShadowRadius": 4,
              }
            }
          >
            
          </Text>
          <Text
            accessible={true}
            allowFontScaling={true}
            ellipsizeMode="tail"
            style={
              Object {
                "color": "black",
                "fontSize": 24,
              }
            }
          >
            state:
          </Text>
          <Text
            accessible={true}
            allowFontScaling={true}
            ellipsizeMode="tail"
            style={
              Object {
                "color": "#fff",
                "fontSize": 24,
                "marginLeft": 60,
                "padding": 5,
                "textShadowColor": "black",
                "textShadowOffset": Object {
                  "height": 1,
                  "width": 1,
                },
                "textShadowRadius": 4,
              }
            }
          >
            
          </Text>
          <Text
            accessible={true}
            allowFontScaling={true}
            ellipsizeMode="tail"
            style={
              Object {
                "color": "black",
                "fontSize": 24,
              }
            }
          >
            zip:
          </Text>
          <Text
            accessible={true}
            allowFontScaling={true}
            ellipsizeMode="tail"
            style={
              Object {
                "color": "#fff",
                "fontSize": 24,
                "marginLeft": 60,
                "padding": 5,
                "textShadowColor": "black",
                "textShadowOffset": Object {
                  "height": 1,
                  "width": 1,
                },
                "textShadowRadius": 4,
              }
            }
          >
            
          </Text>
        </View>
      </ScrollView>
    </View>
  </View>
  <View
    style={
      Object {
        "alignItems": "center",
        "flex": 1,
        "flexDirection": "row",
        "justifyContent": "space-around",
      }
    }
  >
    <View
      accessibilityComponentType={undefined}
      accessibilityLabel={undefined}
      accessibilityTraits={undefined}
      accessible={true}
      hasTVPreferredFocus={undefined}
      hitSlop={undefined}
      isTVSelectable={true}
      onLayout={undefined}
      onResponderGrant={[Function]}
      onResponderMove={[Function]}
      onResponderRelease={[Function]}
      onResponderTerminate={[Function]}
      onResponderTerminationRequest={[Function]}
      onStartShouldSetResponder={[Function]}
      style={
        Array [
          Object {
            "backgroundColor": "transparent",
          },
          Object {
            "alignItems": "center",
            "backgroundColor": "#6799FF",
            "borderRadius": 10,
            "margin": 10,
            "padding": 10,
            "width": 150,
          },
        ]
      }
      testID={undefined}
      tvParallaxProperties={undefined}
    >
      <Text
        accessible={true}
        allowFontScaling={true}
        ellipsizeMode="tail"
        style={
          Object {
            "color": "#FFFFFF",
            "fontSize": 18,
          }
        }
      >
        Back
      </Text>
    </View>
    <View
      accessibilityComponentType={undefined}
      accessibilityLabel={undefined}
      accessibilityTraits={undefined}
      accessible={true}
      hasTVPreferredFocus={undefined}
      hitSlop={undefined}
      isTVSelectable={true}
      onLayout={undefined}
      onResponderGrant={[Function]}
      onResponderMove={[Function]}
      onResponderRelease={[Function]}
      onResponderTerminate={[Function]}
      onResponderTerminationRequest={[Function]}
      onStartShouldSetResponder={[Function]}
      style={
        Array [
          Object {
            "backgroundColor": "transparent",
          },
          Object {
            "alignItems": "center",
            "backgroundColor": "#6799FF",
            "borderRadius": 10,
            "margin": 10,
            "padding": 10,
            "width": 150,
          },
        ]
      }
      testID={undefined}
      tvParallaxProperties={undefined}
    >
      <Text
        accessible={true}
        allowFontScaling={true}
        ellipsizeMode="tail"
        style={
          Object {
            "color": "#FFFFFF",
            "fontSize": 18,
          }
        }
      >
        Submit Order
      </Text>
    </View>
  </View>
</View>
`;
