// Jest Snapshot v1, https://goo.gl/fbAQLP

exports[`renders correctly 1`] = `
<View
  style={
    Object {
      "alignItems": "center",
      "flex": 1,
      "justifyContent": "space-around",
    }
  }
>
  <View
    style={
      Object {
        "alignItems": "center",
        "flex": 6,
        "justifyContent": "space-around",
      }
    }
  >
    <View
      style={
        Object {
          "alignItems": "flex-start",
          "flex": 1,
          "flexDirection": "row",
          "justifyContent": "space-around",
          "marginTop": 15,
        }
      }
    >
      <View
        style={
          Object {
            "flex": 1,
          }
        }
      >
        <View
          accessibilityComponentType={undefined}
          accessibilityLabel={undefined}
          accessibilityTraits={undefined}
          accessible={true}
          hasTVPreferredFocus={undefined}
          hitSlop={undefined}
          isTVSelectable={true}
          onLayout={undefined}
          onResponderGrant={[Function]}
          onResponderMove={[Function]}
          onResponderRelease={[Function]}
          onResponderTerminate={[Function]}
          onResponderTerminationRequest={[Function]}
          onStartShouldSetResponder={[Function]}
          style={
            Array [
              Object {
                "backgroundColor": "transparent",
              },
              Object {
                "alignItems": "center",
                "backgroundColor": "#6799FF",
                "borderRadius": 10,
                "margin": 5,
                "paddingBottom": 10,
                "paddingTop": 10,
                "width": 80,
              },
            ]
          }
          testID={undefined}
          tvParallaxProperties={undefined}
        >
          <Text
            accessible={true}
            allowFontScaling={true}
            ellipsizeMode="tail"
            style={
              Object {
                "color": "#FFFFFF",
                "fontSize": 18,
              }
            }
          >
            Home
          </Text>
        </View>
      </View>
      <Text
        accessible={true}
        allowFontScaling={true}
        ellipsizeMode="tail"
        style={
          Object {
            "color": "#ffcd67",
            "flex": 2,
            "fontSize": 40,
            "textAlign": "center",
            "textShadowColor": "black",
            "textShadowOffset": Object {
              "height": 1,
              "width": 1,
            },
            "textShadowRadius": 4,
          }
        }
      >
        Customer Info
      </Text>
      <View
        style={
          Object {
            "flex": 1,
          }
        }
      />
    </View>
    <View
      style={
        Object {
          "alignItems": "center",
          "flex": 3,
          "justifyContent": "flex-start",
        }
      }
    >
      <View
        style={undefined}
      >
        <TextInput
          onChangeText={[Function]}
          placeholder="First Name"
          style={
            Object {
              "backgroundColor": "#ffcd67",
              "borderColor": "#ffcd67",
              "borderRadius": 5,
              "borderWidth": 1,
              "flex": 1,
              "fontSize": 18,
              "margin": 6,
              "maxHeight": 70,
              "padding": 5,
              "width": 250,
            }
          }
          value=""
        />
        <TextInput
          onChangeText={[Function]}
          placeholder="Last Name"
          style={
            Object {
              "backgroundColor": "#ffcd67",
              "borderColor": "#ffcd67",
              "borderRadius": 5,
              "borderWidth": 1,
              "flex": 1,
              "fontSize": 18,
              "margin": 6,
              "maxHeight": 70,
              "padding": 5,
              "width": 250,
            }
          }
          value=""
        />
        <TextInput
          onChangeText={[Function]}
          placeholder="email"
          style={
            Object {
              "backgroundColor": "#ffcd67",
              "borderColor": "#ffcd67",
              "borderRadius": 5,
              "borderWidth": 1,
              "flex": 1,
              "fontSize": 18,
              "margin": 6,
              "maxHeight": 70,
              "padding": 5,
              "width": 250,
            }
          }
          value=""
        />
      </View>
    </View>
  </View>
  <View
    style={
      Object {
        "alignItems": "center",
        "flex": 1,
        "flexDirection": "row",
        "justifyContent": "space-around",
      }
    }
  >
    <View
      accessibilityComponentType={undefined}
      accessibilityLabel={undefined}
      accessibilityTraits={undefined}
      accessible={true}
      hasTVPreferredFocus={undefined}
      hitSlop={undefined}
      isTVSelectable={true}
      onLayout={undefined}
      onResponderGrant={[Function]}
      onResponderMove={[Function]}
      onResponderRelease={[Function]}
      onResponderTerminate={[Function]}
      onResponderTerminationRequest={[Function]}
      onStartShouldSetResponder={[Function]}
      style={
        Array [
          Object {
            "backgroundColor": "transparent",
          },
          Object {
            "alignItems": "center",
            "backgroundColor": "#6799FF",
            "borderRadius": 10,
            "margin": 10,
            "padding": 10,
            "width": 150,
          },
        ]
      }
      testID={undefined}
      tvParallaxProperties={undefined}
    >
      <Text
        accessible={true}
        allowFontScaling={true}
        ellipsizeMode="tail"
        style={
          Object {
            "color": "#FFFFFF",
            "fontSize": 18,
          }
        }
      >
        Back
      </Text>
    </View>
    <View
      accessibilityComponentType={undefined}
      accessibilityLabel={undefined}
      accessibilityTraits={undefined}
      accessible={true}
      hasTVPreferredFocus={undefined}
      hitSlop={undefined}
      isTVSelectable={true}
      onLayout={undefined}
      onResponderGrant={[Function]}
      onResponderMove={[Function]}
      onResponderRelease={[Function]}
      onResponderTerminate={[Function]}
      onResponderTerminationRequest={[Function]}
      onStartShouldSetResponder={[Function]}
      style={
        Array [
          Object {
            "backgroundColor": "transparent",
          },
          Object {
            "alignItems": "center",
            "backgroundColor": "#6799FF",
            "borderRadius": 10,
            "margin": 10,
            "padding": 10,
            "width": 150,
          },
        ]
      }
      testID={undefined}
      tvParallaxProperties={undefined}
    >
      <Text
        accessible={true}
        allowFontScaling={true}
        ellipsizeMode="tail"
        style={
          Object {
            "color": "#FFFFFF",
            "fontSize": 18,
          }
        }
      >
        Next
      </Text>
    </View>
  </View>
</View>
`;
